// Jest Snapshot v1, https://goo.gl/fbAQLP

exports[`Message should render the Message Component correctly 1`] = `ShallowWrapper {}`;
